00:00 +0: loading D:/project/instachef/test/admin_delete_user_test.dart
00:00 +0: deleteUser_success ΓÇö HTTP 200 + Firestore deleted

[TEST 1] Γ£à Happy path
  firestoreDeleted : true
  authError        : null
  message          : User deleted successfully
00:00 +1: deleteUser_backendFailure ΓÇö HTTP 500 but Firestore still deleted

[TEST 2] ΓÜá∩╕Å  Backend failure
  firestoreDeleted : true
  authError        : Backend: 500 {"error":"unauthorized"}
  message          : Removed from app. Auth cleanup pending. (Backend: 500 {"error":"unauthorized"})
00:00 +2: deleteUser_backendTimeout ΓÇö exception but Firestore still deleted

[TEST 3] ΓÅ▒  Backend timeout
  firestoreDeleted : true
  authError        : Exception: Connection timed out
  message          : Removed from app. Auth cleanup pending. (Exception: Connection timed out)
00:00 +3: deleteUser_nonAdmin ΓÇö blocked, no HTTP or Firestore call

[TEST 4] ≡ƒöÆ Non-admin guard
  firestoreDeleted : false
  authError        : Permission denied: not an admin
00:00 +4: deleteUser_correctUidSentToBackend

[TEST 5] ≡ƒÄ» Correct UID to backend
  uid sent: specific_uid_999
00:00 +5: All tests passed!
